// Jest Snapshot v1, https://goo.gl/fbAQLP

exports[`SignupScreen Renders correctly the SignupScreen Component 1`] = `
<View
  style={
    {
      "backgroundColor": "#f9f7f3",
      "flexBasis": 0,
      "flexGrow": 1,
      "flexShrink": 1,
      "paddingBottom": 25,
      "paddingLeft": 25,
      "paddingRight": 25,
      "paddingTop": 64,
    }
  }
  testID="styled-container"
>
  <View
    style={
      {
        "alignItems": "center",
        "flexBasis": 0,
        "flexGrow": 1,
        "flexShrink": 1,
        "width": "100%",
      }
    }
    testID="inner-container"
  >
    <Text
      style={
        {
          "color": "#000000",
          "fontSize": 30,
          "fontWeight": "bold",
          "paddingBottom": 10,
          "paddingLeft": 10,
          "paddingRight": 10,
          "paddingTop": 10,
          "textAlign": "center",
        }
      }
      testID="page-title"
    >
      ZenTimer
    </Text>
    <Text
      style={
        {
          "color": "#1a1204",
          "fontSize": 10,
          "fontWeight": "bold",
          "letterSpacing": 1,
          "marginBottom": 20,
        }
      }
      testID="sub-title"
    >
      Account Signup
    </Text>
    <View
      style={
        {
          "width": "90%",
        }
      }
    >
      <View>
        <View
          style={
            {
              "left": 15,
              "position": "absolute",
              "top": 38,
              "zIndex": 1,
            }
          }
        >
          <Text
            allowFontScaling={false}
            selectable={false}
            style={
              [
                {
                  "color": "#000000",
                  "fontSize": 30,
                },
                undefined,
                {
                  "fontFamily": "octicons",
                  "fontStyle": "normal",
                  "fontWeight": "normal",
                },
                {},
              ]
            }
          >
            
          </Text>
        </View>
        <Text
          style={
            {
              "color": "#1a1204",
              "fontSize": 13,
              "textAlign": "left",
            }
          }
        >
          Full Name
        </Text>
        <TextInput
          onChangeText={[Function]}
          onblur={[Function]}
          placeholder="Zen User"
          placeholderTextColor="#f9f7f3"
          style={
            {
              "backgroundColor": "#ffc500",
              "borderBottomLeftRadius": 5,
              "borderBottomRightRadius": 5,
              "borderTopLeftRadius": 5,
              "borderTopRightRadius": 5,
              "color": "#1a1204",
              "fontSize": 16,
              "height": 60,
              "marginBottom": 10,
              "marginVertical": 3,
              "paddingBottom": 15,
              "paddingLeft": 55,
              "paddingRight": 55,
              "paddingTop": 15,
            }
          }
          testID="full-name"
          value=""
        />
      </View>
      <View>
        <View
          style={
            {
              "left": 15,
              "position": "absolute",
              "top": 38,
              "zIndex": 1,
            }
          }
        >
          <Text
            allowFontScaling={false}
            selectable={false}
            style={
              [
                {
                  "color": "#000000",
                  "fontSize": 30,
                },
                undefined,
                {
                  "fontFamily": "octicons",
                  "fontStyle": "normal",
                  "fontWeight": "normal",
                },
                {},
              ]
            }
          >
            
          </Text>
        </View>
        <Text
          style={
            {
              "color": "#1a1204",
              "fontSize": 13,
              "textAlign": "left",
            }
          }
        >
          Email Address
        </Text>
        <TextInput
          keyboardType="email-address"
          onChangeText={[Function]}
          onblur={[Function]}
          placeholder="serenity@gmail.com"
          placeholderTextColor="#f9f7f3"
          style={
            {
              "backgroundColor": "#ffc500",
              "borderBottomLeftRadius": 5,
              "borderBottomRightRadius": 5,
              "borderTopLeftRadius": 5,
              "borderTopRightRadius": 5,
              "color": "#1a1204",
              "fontSize": 16,
              "height": 60,
              "marginBottom": 10,
              "marginVertical": 3,
              "paddingBottom": 15,
              "paddingLeft": 55,
              "paddingRight": 55,
              "paddingTop": 15,
            }
          }
          testID="email-input"
          value=""
        />
      </View>
      <View>
        <View
          style={
            {
              "left": 15,
              "position": "absolute",
              "top": 38,
              "zIndex": 1,
            }
          }
        >
          <Text
            allowFontScaling={false}
            selectable={false}
            style={
              [
                {
                  "color": "#000000",
                  "fontSize": 30,
                },
                undefined,
                {
                  "fontFamily": "octicons",
                  "fontStyle": "normal",
                  "fontWeight": "normal",
                },
                {},
              ]
            }
          >
            
          </Text>
        </View>
        <Text
          style={
            {
              "color": "#1a1204",
              "fontSize": 13,
              "textAlign": "left",
            }
          }
        >
          Date of Birth
        </Text>
        <View
          accessibilityState={
            {
              "busy": undefined,
              "checked": undefined,
              "disabled": undefined,
              "expanded": undefined,
              "selected": undefined,
            }
          }
          accessibilityValue={
            {
              "max": undefined,
              "min": undefined,
              "now": undefined,
              "text": undefined,
            }
          }
          accessible={true}
          collapsable={false}
          focusable={true}
          onClick={[Function]}
          onResponderGrant={[Function]}
          onResponderMove={[Function]}
          onResponderRelease={[Function]}
          onResponderTerminate={[Function]}
          onResponderTerminationRequest={[Function]}
          onStartShouldSetResponder={[Function]}
          style={
            {
              "opacity": 1,
            }
          }
        >
          <TextInput
            editable={false}
            onChangeText={[Function]}
            onblur={[Function]}
            placeholder="YYYY - MM - DD"
            placeholderTextColor="#f9f7f3"
            style={
              {
                "backgroundColor": "#ffc500",
                "borderBottomLeftRadius": 5,
                "borderBottomRightRadius": 5,
                "borderTopLeftRadius": 5,
                "borderTopRightRadius": 5,
                "color": "#1a1204",
                "fontSize": 16,
                "height": 60,
                "marginBottom": 10,
                "marginVertical": 3,
                "paddingBottom": 15,
                "paddingLeft": 55,
                "paddingRight": 55,
                "paddingTop": 15,
              }
            }
            testID="date-of-birth"
            value=""
          />
        </View>
      </View>
      <View>
        <View
          style={
            {
              "left": 15,
              "position": "absolute",
              "top": 38,
              "zIndex": 1,
            }
          }
        >
          <Text
            allowFontScaling={false}
            selectable={false}
            style={
              [
                {
                  "color": "#000000",
                  "fontSize": 30,
                },
                undefined,
                {
                  "fontFamily": "octicons",
                  "fontStyle": "normal",
                  "fontWeight": "normal",
                },
                {},
              ]
            }
          >
            
          </Text>
        </View>
        <Text
          style={
            {
              "color": "#1a1204",
              "fontSize": 13,
              "textAlign": "left",
            }
          }
        >
          Password
        </Text>
        <TextInput
          onChangeText={[Function]}
          onblur={[Function]}
          placeholder="* * * * * * *"
          placeholderTextColor="#f9f7f3"
          secureTextEntry={true}
          style={
            {
              "backgroundColor": "#ffc500",
              "borderBottomLeftRadius": 5,
              "borderBottomRightRadius": 5,
              "borderTopLeftRadius": 5,
              "borderTopRightRadius": 5,
              "color": "#1a1204",
              "fontSize": 16,
              "height": 60,
              "marginBottom": 10,
              "marginVertical": 3,
              "paddingBottom": 15,
              "paddingLeft": 55,
              "paddingRight": 55,
              "paddingTop": 15,
            }
          }
          testID="password-input"
          value=""
        />
        <View
          accessibilityState={
            {
              "busy": undefined,
              "checked": undefined,
              "disabled": undefined,
              "expanded": undefined,
              "selected": undefined,
            }
          }
          accessibilityValue={
            {
              "max": undefined,
              "min": undefined,
              "now": undefined,
              "text": undefined,
            }
          }
          accessible={true}
          collapsable={false}
          focusable={true}
          onClick={[Function]}
          onResponderGrant={[Function]}
          onResponderMove={[Function]}
          onResponderRelease={[Function]}
          onResponderTerminate={[Function]}
          onResponderTerminationRequest={[Function]}
          onStartShouldSetResponder={[Function]}
          style={
            {
              "opacity": 1,
              "position": "absolute",
              "right": 15,
              "top": 38,
              "zIndex": 1,
            }
          }
        >
          <Text
            allowFontScaling={false}
            selectable={false}
            style={
              [
                {
                  "color": "#f9f7f3",
                  "fontSize": 25,
                },
                undefined,
                {
                  "fontFamily": "feather",
                  "fontStyle": "normal",
                  "fontWeight": "normal",
                },
                {},
              ]
            }
          >
            
          </Text>
        </View>
      </View>
      <View>
        <View
          style={
            {
              "left": 15,
              "position": "absolute",
              "top": 38,
              "zIndex": 1,
            }
          }
        >
          <Text
            allowFontScaling={false}
            selectable={false}
            style={
              [
                {
                  "color": "#000000",
                  "fontSize": 30,
                },
                undefined,
                {
                  "fontFamily": "octicons",
                  "fontStyle": "normal",
                  "fontWeight": "normal",
                },
                {},
              ]
            }
          >
            
          </Text>
        </View>
        <Text
          style={
            {
              "color": "#1a1204",
              "fontSize": 13,
              "textAlign": "left",
            }
          }
        >
          Confirm Password
        </Text>
        <TextInput
          onChangeText={[Function]}
          onblur={[Function]}
          placeholder="* * * * * * *"
          placeholderTextColor="#f9f7f3"
          secureTextEntry={true}
          style={
            {
              "backgroundColor": "#ffc500",
              "borderBottomLeftRadius": 5,
              "borderBottomRightRadius": 5,
              "borderTopLeftRadius": 5,
              "borderTopRightRadius": 5,
              "color": "#1a1204",
              "fontSize": 16,
              "height": 60,
              "marginBottom": 10,
              "marginVertical": 3,
              "paddingBottom": 15,
              "paddingLeft": 55,
              "paddingRight": 55,
              "paddingTop": 15,
            }
          }
          testID="confirm-password-input"
          value=""
        />
        <View
          accessibilityState={
            {
              "busy": undefined,
              "checked": undefined,
              "disabled": undefined,
              "expanded": undefined,
              "selected": undefined,
            }
          }
          accessibilityValue={
            {
              "max": undefined,
              "min": undefined,
              "now": undefined,
              "text": undefined,
            }
          }
          accessible={true}
          collapsable={false}
          focusable={true}
          onClick={[Function]}
          onResponderGrant={[Function]}
          onResponderMove={[Function]}
          onResponderRelease={[Function]}
          onResponderTerminate={[Function]}
          onResponderTerminationRequest={[Function]}
          onStartShouldSetResponder={[Function]}
          style={
            {
              "opacity": 1,
              "position": "absolute",
              "right": 15,
              "top": 38,
              "zIndex": 1,
            }
          }
        >
          <Text
            allowFontScaling={false}
            selectable={false}
            style={
              [
                {
                  "color": "#f9f7f3",
                  "fontSize": 25,
                },
                undefined,
                {
                  "fontFamily": "feather",
                  "fontStyle": "normal",
                  "fontWeight": "normal",
                },
                {},
              ]
            }
          >
            
          </Text>
        </View>
      </View>
      <Text
        style={
          {
            "fontSize": 13,
            "textAlign": "center",
          }
        }
        testID="msg-box"
      >
        ...
      </Text>
      <View
        accessibilityState={
          {
            "busy": undefined,
            "checked": undefined,
            "disabled": undefined,
            "expanded": undefined,
            "selected": undefined,
          }
        }
        accessibilityValue={
          {
            "max": undefined,
            "min": undefined,
            "now": undefined,
            "text": undefined,
          }
        }
        accessible={true}
        collapsable={false}
        focusable={true}
        onClick={[Function]}
        onResponderGrant={[Function]}
        onResponderMove={[Function]}
        onResponderRelease={[Function]}
        onResponderTerminate={[Function]}
        onResponderTerminationRequest={[Function]}
        onStartShouldSetResponder={[Function]}
        style={
          {
            "alignItems": "center",
            "backgroundColor": "#000000",
            "borderBottomLeftRadius": 5,
            "borderBottomRightRadius": 5,
            "borderTopLeftRadius": 5,
            "borderTopRightRadius": 5,
            "height": 60,
            "justifyContent": "center",
            "marginVertical": 5,
            "opacity": 1,
            "paddingBottom": 15,
            "paddingLeft": 15,
            "paddingRight": 15,
            "paddingTop": 15,
          }
        }
        testID="login-styled-button"
      >
        <Text
          style={
            {
              "color": "#ffe1a8",
              "fontSize": 16,
            }
          }
          testID="login-button-text"
        >
          Login
        </Text>
      </View>
      <View
        style={
          {
            "backgroundColor": "#ffc500",
            "height": 1,
            "marginVertical": 10,
            "width": "100%",
          }
        }
        testID="line"
      />
      <View
        style={
          {
            "alignItems": "center",
            "flexDirection": "row",
            "justifyContent": "center",
            "paddingBottom": 10,
            "paddingLeft": 10,
            "paddingRight": 10,
            "paddingTop": 10,
          }
        }
        testID="extra-view"
      >
        <Text
          style={
            {
              "alignContent": "center",
              "color": "#1a1204",
              "fontSize": 15,
              "justifyContent": "center",
            }
          }
          testID="extra-text"
        >
          Already have an account?
        </Text>
        <View
          accessibilityState={
            {
              "busy": undefined,
              "checked": undefined,
              "disabled": undefined,
              "expanded": undefined,
              "selected": undefined,
            }
          }
          accessibilityValue={
            {
              "max": undefined,
              "min": undefined,
              "now": undefined,
              "text": undefined,
            }
          }
          accessible={true}
          collapsable={false}
          focusable={false}
          onClick={[Function]}
          onResponderGrant={[Function]}
          onResponderMove={[Function]}
          onResponderRelease={[Function]}
          onResponderTerminate={[Function]}
          onResponderTerminationRequest={[Function]}
          onStartShouldSetResponder={[Function]}
          style={
            {
              "alignItems": "center",
              "justifyContent": "center",
              "opacity": 1,
            }
          }
          testID="text-link"
        >
          <Text
            style={
              {
                "color": "#ffc554",
                "fontSize": 15,
              }
            }
            testID="text-link-content"
          >
            Login
          </Text>
        </View>
      </View>
    </View>
  </View>
</View>
`;
